../Src/Middleware/lvgl/src/draw/stm32_dma2d/../../hal/../misc/lv_area.h:123:26:lv_area_get_width	16	static
../Src/Middleware/lvgl/src/draw/stm32_dma2d/../../hal/../misc/lv_area.h:133:26:lv_area_get_height	16	static
../Src/Middleware/lvgl/src/draw/stm32_dma2d/lv_gpu_stm32_dma2d.c:68:6:lv_draw_stm32_dma2d_init	16	static,ignoring_inline_asm
../Src/Middleware/lvgl/src/draw/stm32_dma2d/lv_gpu_stm32_dma2d.c:91:6:lv_draw_stm32_dma2d_ctx_init	24	static
../Src/Middleware/lvgl/src/draw/stm32_dma2d/lv_gpu_stm32_dma2d.c:105:6:lv_draw_stm32_dma2d_ctx_deinit	16	static
../Src/Middleware/lvgl/src/draw/stm32_dma2d/lv_gpu_stm32_dma2d.c:112:6:lv_draw_stm32_dma2d_blend	48	static
../Src/Middleware/lvgl/src/draw/stm32_dma2d/lv_gpu_stm32_dma2d.c:145:6:lv_draw_stm32_dma2d_buffer_copy	32	static
../Src/Middleware/lvgl/src/draw/stm32_dma2d/lv_gpu_stm32_dma2d.c:154:13:lv_draw_stm32_dma2d_img_decoded	32	static
../Src/Middleware/lvgl/src/draw/stm32_dma2d/lv_gpu_stm32_dma2d.c:162:13:lv_draw_stm32_dma2d_blend_fill	32	static
../Src/Middleware/lvgl/src/draw/stm32_dma2d/lv_gpu_stm32_dma2d.c:183:13:lv_draw_stm32_dma2d_blend_map	32	static
../Src/Middleware/lvgl/src/draw/stm32_dma2d/lv_gpu_stm32_dma2d.c:229:6:lv_gpu_stm32_dma2d_wait_cb	24	static
../Src/Middleware/lvgl/src/draw/stm32_dma2d/lv_gpu_stm32_dma2d.c:248:13:invalidate_cache	16	static
