../Src/application/display_app.c:52:13:display_clock	8	static
../Src/application/display_app.c:58:13:display_mp3screen	8	static
../Src/application/display_app.c:67:13:display_mp3select	24	static
../Src/application/display_app.c:75:13:MP3_SetFileList	304	static
../Src/application/display_app.c:92:13:display_mp3list	24	static
../Src/application/display_app.c:110:13:btn_center_handler	8	static
../Src/application/display_app.c:134:13:btn_up_handler	8	static
../Src/application/display_app.c:157:13:btn_down_handler	8	static
../Src/application/display_app.c:180:13:btn_left_handler	8	static
../Src/application/display_app.c:195:13:btn_right_handler	8	static
../Src/application/display_app.c:211:13:refresh_rtc_timercb	40	static
../Src/application/display_app.c:220:6:displayThread	32	static
