../Src/application/mp3_player.c:22:13:MP3_IsPlaying	4	static
../Src/application/mp3_player.c:26:13:Mp3_IsFileOpen	4	static
../Src/application/mp3_player.c:30:6:MP3_SetFile	48	static
../Src/application/mp3_player.c:41:6:MP3_Init	8	static
../Src/application/mp3_player.c:52:6:MP3_Play	8	static
../Src/application/mp3_player.c:70:6:MP3_Stop	16	static
../Src/application/mp3_player.c:89:6:MP3_Pause	4	static
../Src/application/mp3_player.c:94:6:MP3_Resume	4	static
../Src/application/mp3_player.c:100:6:MP3_Feeder	8	static
