/home/kang/space/ll_mp3_project/Src/HAL/STM32F4xx_HAL_Driver/Inc/stm32f4xx_ll_spi.h:457:22:LL_SPI_SetBaudRatePrescaler	16	static
/home/kang/space/ll_mp3_project/Src/HAL/STM32F4xx_HAL_Driver/Inc/stm32f4xx_ll_gpio.h:800:26:LL_GPIO_IsInputPinSet	16	static
/home/kang/space/ll_mp3_project/Src/gpio.h:77:20:hal_gpio_write	16	static
/home/kang/space/ll_mp3_project/Src/gpio.h:93:24:hal_gpio_readpin	16	static
../Src/Drivers/vs1053.c:50:6:VS1053_Init	16	static
../Src/Drivers/vs1053.c:90:6:VS1053_Reset	16	static
../Src/Drivers/vs1053.c:101:6:VS1053_SoftReset	8	static
../Src/Drivers/vs1053.c:109:6:VS1053_SetVolume	24	static
../Src/Drivers/vs1053.c:120:6:VS1053_SetMode	16	static
../Src/Drivers/vs1053.c:126:6:VS1053_GetMode	16	static
../Src/Drivers/vs1053.c:133:6:VS1053_AutoResync	8	static
../Src/Drivers/vs1053.c:141:6:VS1053_SetDecodeTime	16	static
../Src/Drivers/vs1053.c:148:10:VS1053_GetDecodeTime	16	static
../Src/Drivers/vs1053.c:155:6:VS1053_SendEndFill	24	static
../Src/Drivers/vs1053.c:170:6:VS1053_IsBusy	8	static
../Src/Drivers/vs1053.c:177:6:VS1053_SciWrite	24	static
../Src/Drivers/vs1053.c:198:6:VS1053_SciRead	32	static
../Src/Drivers/vs1053.c:224:6:VS1053_SdiWrite	16	static
../Src/Drivers/vs1053.c:237:6:VS1053_SdiWrite32	16	static
