/home/kang/space/ll_mp3_project/Src/HAL/STM32F4xx_HAL_Driver/Inc/stm32f4xx_ll_spi.h:457:22:LL_SPI_SetBaudRatePrescaler	16	static
/home/kang/space/ll_mp3_project/Src/HAL/STM32F4xx_HAL_Driver/Inc/stm32f4xx_ll_gpio.h:800:26:LL_GPIO_IsInputPinSet	16	static
/home/kang/space/ll_mp3_project/Src/gpio.h:78:20:hal_gpio_write	16	static
/home/kang/space/ll_mp3_project/Src/gpio.h:94:24:hal_gpio_readpin	16	static
../Src/Drivers/vs1053.c:50:6:VS1053_Init	16	static
../Src/Drivers/vs1053.c:80:6:VS1053_Reset	16	static
../Src/Drivers/vs1053.c:91:6:VS1053_SoftReset	8	static
../Src/Drivers/vs1053.c:99:6:VS1053_SetVolume	24	static
../Src/Drivers/vs1053.c:110:6:VS1053_SetMode	16	static
../Src/Drivers/vs1053.c:116:6:VS1053_GetMode	16	static
../Src/Drivers/vs1053.c:123:6:VS1053_AutoResync	8	static
../Src/Drivers/vs1053.c:131:6:VS1053_SetDecodeTime	16	static
../Src/Drivers/vs1053.c:138:10:VS1053_GetDecodeTime	16	static
../Src/Drivers/vs1053.c:145:6:VS1053_SendEndFill	24	static
../Src/Drivers/vs1053.c:160:6:VS1053_IsBusy	8	static
../Src/Drivers/vs1053.c:167:6:VS1053_SciWrite	24	static
../Src/Drivers/vs1053.c:188:6:VS1053_SciRead	32	static
../Src/Drivers/vs1053.c:215:6:VS1053_SdiWrite	16	static
../Src/Drivers/vs1053.c:227:6:VS1053_SdiWrite32	16	static
