/home/kang/space/ll_mp3_project/Src/HAL/STM32F4xx_HAL_Driver/Inc/stm32f4xx_ll_gpio.h:273:22:LL_GPIO_SetPinMode	40	static,ignoring_inline_asm
/home/kang/space/ll_mp3_project/Src/HAL/STM32F4xx_HAL_Driver/Inc/stm32f4xx_ll_gpio.h:342:22:LL_GPIO_SetPinOutputType	24	static
/home/kang/space/ll_mp3_project/Src/HAL/STM32F4xx_HAL_Driver/Inc/stm32f4xx_ll_gpio.h:413:22:LL_GPIO_SetPinSpeed	40	static,ignoring_inline_asm
/home/kang/space/ll_mp3_project/Src/HAL/STM32F4xx_HAL_Driver/Inc/stm32f4xx_ll_gpio.h:484:22:LL_GPIO_SetPinPull	40	static,ignoring_inline_asm
/home/kang/space/ll_mp3_project/Src/HAL/STM32F4xx_HAL_Driver/Inc/stm32f4xx_ll_gpio.h:556:22:LL_GPIO_SetAFPin_0_7	40	static,ignoring_inline_asm
/home/kang/space/ll_mp3_project/Src/HAL/STM32F4xx_HAL_Driver/Inc/stm32f4xx_ll_gpio.h:633:22:LL_GPIO_SetAFPin_8_15	40	static,ignoring_inline_asm
/home/kang/space/ll_mp3_project/Src/HAL/STM32F4xx_HAL_Driver/Inc/stm32f4xx_ll_system.h:671:22:LL_SYSCFG_SetEXTISource	24	static,ignoring_inline_asm
/home/kang/space/ll_mp3_project/Src/HAL/STM32F4xx_HAL_Driver/Inc/stm32f4xx_ll_system.h:710:26:LL_SYSCFG_GetEXTISource	24	static,ignoring_inline_asm
/home/kang/space/ll_mp3_project/Src/HAL/STM32F4xx_HAL_Driver/Inc/stm32f4xx_ll_exti.h:268:22:LL_EXTI_EnableIT_0_31	16	static
/home/kang/space/ll_mp3_project/Src/HAL/STM32F4xx_HAL_Driver/Inc/stm32f4xx_ll_exti.h:309:22:LL_EXTI_DisableIT_0_31	16	static
/home/kang/space/ll_mp3_project/Src/HAL/STM32F4xx_HAL_Driver/Inc/stm32f4xx_ll_exti.h:351:26:LL_EXTI_IsEnabledIT_0_31	16	static
/home/kang/space/ll_mp3_project/Src/HAL/STM32F4xx_HAL_Driver/Inc/stm32f4xx_ll_exti.h:398:22:LL_EXTI_EnableEvent_0_31	16	static
/home/kang/space/ll_mp3_project/Src/HAL/STM32F4xx_HAL_Driver/Inc/stm32f4xx_ll_exti.h:529:22:LL_EXTI_EnableRisingTrig_0_31	16	static
/home/kang/space/ll_mp3_project/Src/HAL/STM32F4xx_HAL_Driver/Inc/stm32f4xx_ll_exti.h:573:22:LL_EXTI_DisableRisingTrig_0_31	16	static
/home/kang/space/ll_mp3_project/Src/HAL/STM32F4xx_HAL_Driver/Inc/stm32f4xx_ll_exti.h:661:22:LL_EXTI_EnableFallingTrig_0_31	16	static
/home/kang/space/ll_mp3_project/Src/HAL/STM32F4xx_HAL_Driver/Inc/stm32f4xx_ll_exti.h:703:22:LL_EXTI_DisableFallingTrig_0_31	16	static
/home/kang/space/ll_mp3_project/Src/HAL/STM32F4xx_HAL_Driver/Inc/stm32f4xx_ll_exti.h:834:26:LL_EXTI_IsActiveFlag_0_31	16	static
/home/kang/space/ll_mp3_project/Src/HAL/STM32F4xx_HAL_Driver/Inc/stm32f4xx_ll_exti.h:910:22:LL_EXTI_ClearFlag_0_31	16	static
../Src/gpio.c:41:16:hal_gpio_get_pin_number	24	static
../Src/gpio.c:50:6:hal_gpio_init	24	static
../Src/gpio.c:58:6:hal_gpio_init_alt	32	static
../Src/gpio.c:164:6:hal_gpio_add_exti_callback	32	static
../Src/gpio.c:174:13:hal_gpio_exti_call	16	static
../Src/gpio.c:181:6:EXTI0_IRQHandler	8	static
../Src/gpio.c:188:6:EXTI1_IRQHandler	8	static
../Src/gpio.c:195:6:EXTI2_IRQHandler	8	static
../Src/gpio.c:202:6:EXTI3_IRQHandler	8	static
../Src/gpio.c:209:6:EXTI4_IRQHandler	8	static
../Src/gpio.c:216:6:EXTI9_5_IRQHandler	8	static
