/home/kang/space/ll_mp3_project/Src/HAL/CMSIS/Include/core_cm4.h:1676:26:__NVIC_GetPriorityGrouping	4	static
/home/kang/space/ll_mp3_project/Src/HAL/CMSIS/Include/core_cm4.h:1688:22:__NVIC_EnableIRQ	16	static
/home/kang/space/ll_mp3_project/Src/HAL/CMSIS/Include/core_cm4.h:1816:22:__NVIC_SetPriority	16	static
/home/kang/space/ll_mp3_project/Src/HAL/CMSIS/Include/core_cm4.h:1863:26:NVIC_EncodePriority	40	static
/home/kang/space/ll_mp3_project/Src/HAL/STM32F4xx_HAL_Driver/Inc/stm32f4xx_ll_spi.h:297:22:LL_SPI_Enable	16	static
/home/kang/space/ll_mp3_project/Src/HAL/STM32F4xx_HAL_Driver/Inc/stm32f4xx_ll_spi.h:365:22:LL_SPI_SetStandard	16	static
/home/kang/space/ll_mp3_project/Src/HAL/STM32F4xx_HAL_Driver/Inc/stm32f4xx_ll_spi.h:731:26:LL_SPI_IsActiveFlag_RXNE	16	static
/home/kang/space/ll_mp3_project/Src/HAL/STM32F4xx_HAL_Driver/Inc/stm32f4xx_ll_spi.h:742:26:LL_SPI_IsActiveFlag_TXE	16	static
/home/kang/space/ll_mp3_project/Src/HAL/STM32F4xx_HAL_Driver/Inc/stm32f4xx_ll_spi.h:793:26:LL_SPI_IsActiveFlag_BSY	16	static
/home/kang/space/ll_mp3_project/Src/HAL/STM32F4xx_HAL_Driver/Inc/stm32f4xx_ll_spi.h:1075:25:LL_SPI_ReceiveData8	16	static
/home/kang/space/ll_mp3_project/Src/HAL/STM32F4xx_HAL_Driver/Inc/stm32f4xx_ll_spi.h:1098:22:LL_SPI_TransmitData8	24	static
/home/kang/space/ll_mp3_project/Src/HAL/STM32F4xx_HAL_Driver/Inc/stm32f4xx_ll_dma.h:595:22:LL_DMA_SetDataTransferDirection	24	static
/home/kang/space/ll_mp3_project/Src/HAL/STM32F4xx_HAL_Driver/Inc/stm32f4xx_ll_dma.h:643:22:LL_DMA_SetMode	24	static
/home/kang/space/ll_mp3_project/Src/HAL/STM32F4xx_HAL_Driver/Inc/stm32f4xx_ll_dma.h:690:22:LL_DMA_SetPeriphIncMode	24	static
/home/kang/space/ll_mp3_project/Src/HAL/STM32F4xx_HAL_Driver/Inc/stm32f4xx_ll_dma.h:735:22:LL_DMA_SetMemoryIncMode	24	static
/home/kang/space/ll_mp3_project/Src/HAL/STM32F4xx_HAL_Driver/Inc/stm32f4xx_ll_dma.h:781:22:LL_DMA_SetPeriphSize	24	static
/home/kang/space/ll_mp3_project/Src/HAL/STM32F4xx_HAL_Driver/Inc/stm32f4xx_ll_dma.h:828:22:LL_DMA_SetMemorySize	24	static
/home/kang/space/ll_mp3_project/Src/HAL/STM32F4xx_HAL_Driver/Inc/stm32f4xx_ll_dma.h:921:22:LL_DMA_SetStreamPriorityLevel	24	static
/home/kang/space/ll_mp3_project/Src/HAL/STM32F4xx_HAL_Driver/Inc/stm32f4xx_ll_dma.h:1019:22:LL_DMA_SetChannelSelection	24	static
/home/kang/space/ll_mp3_project/Src/HAL/STM32F4xx_HAL_Driver/Inc/stm32f4xx_ll_dma.h:1276:22:LL_DMA_DisableFifoMode	16	static
/home/kang/space/ll_mp3_project/Src/HAL/STM32F4xx_HAL_Driver/Inc/stm32f4xx_ll_bus.h:1704:22:LL_APB2_GRP1_EnableClock	24	static
../Src/spi.c:34:6:spi_init	16	static
../Src/spi.c:62:6:hal_spi_transfer	40	static
../Src/spi.c:91:6:hal_spi_receive	40	static
../Src/spi.c:113:6:hal_spi_txrx	56	static
../Src/spi.c:147:13:spi2_init	16	static
../Src/spi.c:164:13:spi4_init	16	static
../Src/spi.c:180:13:spi5_init	16	static
../Src/spi.c:197:13:spi2_pin_conf	16	static
../Src/spi.c:214:13:spi2_dma_init	8	static
../Src/spi.c:230:13:spi2_config	48	static
../Src/spi.c:251:13:spi4_pin_conf	16	static
../Src/spi.c:275:13:spi4_dma_init	8	static
../Src/spi.c:306:13:spi4_config	48	static
../Src/spi.c:329:13:spi5_pin_conf	32	static
../Src/spi.c:347:13:spi5_dma_init	8	static
../Src/spi.c:364:13:spi5_config	48	static
../Src/spi.c:389:6:SPI2_IRQHandler	4	static
../Src/spi.c:394:6:SPI4_IRQHandler	4	static
../Src/spi.c:400:6:SPI5_IRQHandler	4	static
../Src/spi.c:406:6:DMA1_Stream4_IRQHandler	4	static
../Src/spi.c:413:6:DMA2_Stream0_IRQHandler	4	static
../Src/spi.c:419:6:DMA2_Stream1_IRQHandler	4	static
../Src/spi.c:425:6:DMA2_Stream4_IRQHandler	4	static
