/home/kang/stm_workspace/ll_mp3_project/Src/HAL/CMSIS/Include/core_cm4.h:1676:26:__NVIC_GetPriorityGrouping	4	static
/home/kang/stm_workspace/ll_mp3_project/Src/HAL/CMSIS/Include/core_cm4.h:1688:22:__NVIC_EnableIRQ	16	static
/home/kang/stm_workspace/ll_mp3_project/Src/HAL/CMSIS/Include/core_cm4.h:1816:22:__NVIC_SetPriority	16	static
/home/kang/stm_workspace/ll_mp3_project/Src/HAL/CMSIS/Include/core_cm4.h:1863:26:NVIC_EncodePriority	40	static
/home/kang/stm_workspace/ll_mp3_project/Src/HAL/STM32F4xx_HAL_Driver/Inc/stm32f4xx_ll_bus.h:409:22:LL_AHB1_GRP1_EnableClock	24	static
/home/kang/stm_workspace/ll_mp3_project/Src/HAL/STM32F4xx_HAL_Driver/Inc/stm32f4xx_ll_bus.h:1704:22:LL_APB2_GRP1_EnableClock	24	static
/home/kang/stm_workspace/ll_mp3_project/Src/HAL/STM32F4xx_HAL_Driver/Inc/stm32f4xx_ll_spi.h:365:22:LL_SPI_SetStandard	16	static
/home/kang/stm_workspace/ll_mp3_project/Src/HAL/STM32F4xx_HAL_Driver/Inc/stm32f4xx_ll_dma.h:595:22:LL_DMA_SetDataTransferDirection	24	static
/home/kang/stm_workspace/ll_mp3_project/Src/HAL/STM32F4xx_HAL_Driver/Inc/stm32f4xx_ll_dma.h:643:22:LL_DMA_SetMode	24	static
/home/kang/stm_workspace/ll_mp3_project/Src/HAL/STM32F4xx_HAL_Driver/Inc/stm32f4xx_ll_dma.h:690:22:LL_DMA_SetPeriphIncMode	24	static
/home/kang/stm_workspace/ll_mp3_project/Src/HAL/STM32F4xx_HAL_Driver/Inc/stm32f4xx_ll_dma.h:735:22:LL_DMA_SetMemoryIncMode	24	static
/home/kang/stm_workspace/ll_mp3_project/Src/HAL/STM32F4xx_HAL_Driver/Inc/stm32f4xx_ll_dma.h:781:22:LL_DMA_SetPeriphSize	24	static
/home/kang/stm_workspace/ll_mp3_project/Src/HAL/STM32F4xx_HAL_Driver/Inc/stm32f4xx_ll_dma.h:828:22:LL_DMA_SetMemorySize	24	static
/home/kang/stm_workspace/ll_mp3_project/Src/HAL/STM32F4xx_HAL_Driver/Inc/stm32f4xx_ll_dma.h:921:22:LL_DMA_SetStreamPriorityLevel	24	static
/home/kang/stm_workspace/ll_mp3_project/Src/HAL/STM32F4xx_HAL_Driver/Inc/stm32f4xx_ll_dma.h:1019:22:LL_DMA_SetChannelSelection	24	static
/home/kang/stm_workspace/ll_mp3_project/Src/HAL/STM32F4xx_HAL_Driver/Inc/stm32f4xx_ll_dma.h:1276:22:LL_DMA_DisableFifoMode	16	static
../Src/spi.c:16:6:spi4_init	16	static
../Src/spi.c:28:6:spi5_init	16	static
../Src/spi.c:40:13:spi4_pin_conf	32	static
../Src/spi.c:60:13:spi4_dma_init	8	static
../Src/spi.c:93:13:spi4_config	48	static
../Src/spi.c:120:13:spi5_pin_conf	32	static
../Src/spi.c:139:13:spi5_dma_init	8	static
../Src/spi.c:158:13:spi5_config	48	static
../Src/spi.c:183:6:SPI4_IRQHandler	4	static
../Src/spi.c:189:6:SPI5_IRQHandler	4	static
../Src/spi.c:196:6:DMA2_Stream0_IRQHandler	4	static
../Src/spi.c:202:6:DMA2_Stream1_IRQHandler	4	static
../Src/spi.c:208:6:DMA2_Stream4_IRQHandler	4	static
