/home/kang/space/ll_mp3_project/Src/HAL/CMSIS/Include/core_cm4.h:1676:26:__NVIC_GetPriorityGrouping	4	static
/home/kang/space/ll_mp3_project/Src/HAL/CMSIS/Include/core_cm4.h:1688:22:__NVIC_EnableIRQ	16	static
/home/kang/space/ll_mp3_project/Src/HAL/CMSIS/Include/core_cm4.h:1816:22:__NVIC_SetPriority	16	static
/home/kang/space/ll_mp3_project/Src/HAL/CMSIS/Include/core_cm4.h:1863:26:NVIC_EncodePriority	40	static
/home/kang/space/ll_mp3_project/Src/HAL/STM32F4xx_HAL_Driver/Inc/stm32f4xx_ll_tim.h:1124:22:LL_TIM_EnableCounter	16	static
/home/kang/space/ll_mp3_project/Src/HAL/STM32F4xx_HAL_Driver/Inc/stm32f4xx_ll_tim.h:1135:22:LL_TIM_DisableCounter	16	static
/home/kang/space/ll_mp3_project/Src/HAL/STM32F4xx_HAL_Driver/Inc/stm32f4xx_ll_tim.h:1315:22:LL_TIM_DisableARRPreload	16	static
/home/kang/space/ll_mp3_project/Src/HAL/STM32F4xx_HAL_Driver/Inc/stm32f4xx_ll_tim.h:1609:22:LL_TIM_CC_EnableChannel	16	static
/home/kang/space/ll_mp3_project/Src/HAL/STM32F4xx_HAL_Driver/Inc/stm32f4xx_ll_tim.h:2117:22:LL_TIM_OC_SetCompareCH1	16	static
/home/kang/space/ll_mp3_project/Src/HAL/STM32F4xx_HAL_Driver/Inc/stm32f4xx_ll_tim.h:2134:22:LL_TIM_OC_SetCompareCH2	16	static
/home/kang/space/ll_mp3_project/Src/HAL/STM32F4xx_HAL_Driver/Inc/stm32f4xx_ll_tim.h:2151:22:LL_TIM_OC_SetCompareCH3	16	static
/home/kang/space/ll_mp3_project/Src/HAL/STM32F4xx_HAL_Driver/Inc/stm32f4xx_ll_tim.h:2168:22:LL_TIM_OC_SetCompareCH4	16	static
/home/kang/space/ll_mp3_project/Src/HAL/STM32F4xx_HAL_Driver/Inc/stm32f4xx_ll_tim.h:2691:22:LL_TIM_SetClockSource	16	static
/home/kang/space/ll_mp3_project/Src/HAL/STM32F4xx_HAL_Driver/Inc/stm32f4xx_ll_tim.h:3182:22:LL_TIM_ClearFlag_UPDATE	16	static
/home/kang/space/ll_mp3_project/Src/HAL/STM32F4xx_HAL_Driver/Inc/stm32f4xx_ll_tim.h:3193:26:LL_TIM_IsActiveFlag_UPDATE	16	static
/home/kang/space/ll_mp3_project/Src/HAL/STM32F4xx_HAL_Driver/Inc/stm32f4xx_ll_tim.h:3457:22:LL_TIM_EnableIT_UPDATE	16	static
/home/kang/space/ll_mp3_project/Src/HAL/STM32F4xx_HAL_Driver/Inc/stm32f4xx_ll_tim.h:3468:22:LL_TIM_DisableIT_UPDATE	16	static
../Src/tim.c:16:6:hal_tim_start_it	16	static
../Src/tim.c:27:6:hal_tim_stop_it	16	static
../Src/tim.c:35:6:tim_init	16	static
../Src/tim.c:50:6:hal_tim_enable_channel	24	static
../Src/tim.c:66:6:hal_tim_set_channel	32	static
../Src/tim.c:104:13:tim4_init	32	static
../Src/tim.c:168:6:hal_tim_add_int_callback	24	static
../Src/tim.c:176:13:hal_tim_int_call	16	static
../Src/tim.c:183:6:TIM4_IRQHandler	8	static
