/home/kang/space/ll_mp3_project/Src/HAL/CMSIS/Include/core_cm4.h:1676:26:__NVIC_GetPriorityGrouping	4	static
/home/kang/space/ll_mp3_project/Src/HAL/CMSIS/Include/core_cm4.h:1688:22:__NVIC_EnableIRQ	16	static
/home/kang/space/ll_mp3_project/Src/HAL/CMSIS/Include/core_cm4.h:1816:22:__NVIC_SetPriority	16	static
/home/kang/space/ll_mp3_project/Src/HAL/CMSIS/Include/core_cm4.h:1863:26:NVIC_EncodePriority	40	static
/home/kang/space/ll_mp3_project/Src/HAL/STM32F4xx_HAL_Driver/Inc/stm32f4xx_ll_usart.h:410:22:LL_USART_Enable	16	static
/home/kang/space/ll_mp3_project/Src/HAL/STM32F4xx_HAL_Driver/Inc/stm32f4xx_ll_usart.h:424:22:LL_USART_Disable	16	static
/home/kang/space/ll_mp3_project/Src/HAL/STM32F4xx_HAL_Driver/Inc/stm32f4xx_ll_usart.h:435:26:LL_USART_IsEnabled	16	static
/home/kang/space/ll_mp3_project/Src/HAL/STM32F4xx_HAL_Driver/Inc/stm32f4xx_ll_usart.h:1479:22:LL_USART_ConfigAsyncMode	16	static
/home/kang/space/ll_mp3_project/Src/HAL/STM32F4xx_HAL_Driver/Inc/stm32f4xx_ll_usart.h:1781:26:LL_USART_IsActiveFlag_IDLE	16	static
/home/kang/space/ll_mp3_project/Src/HAL/STM32F4xx_HAL_Driver/Inc/stm32f4xx_ll_usart.h:1814:26:LL_USART_IsActiveFlag_TXE	16	static
/home/kang/space/ll_mp3_project/Src/HAL/STM32F4xx_HAL_Driver/Inc/stm32f4xx_ll_usart.h:1953:22:LL_USART_ClearFlag_IDLE	24	static
/home/kang/space/ll_mp3_project/Src/HAL/STM32F4xx_HAL_Driver/Inc/stm32f4xx_ll_usart.h:2426:22:LL_USART_TransmitData8	16	static
/home/kang/space/ll_mp3_project/Src/HAL/STM32F4xx_HAL_Driver/Inc/stm32f4xx_ll_dma.h:595:22:LL_DMA_SetDataTransferDirection	24	static
/home/kang/space/ll_mp3_project/Src/HAL/STM32F4xx_HAL_Driver/Inc/stm32f4xx_ll_dma.h:643:22:LL_DMA_SetMode	24	static
/home/kang/space/ll_mp3_project/Src/HAL/STM32F4xx_HAL_Driver/Inc/stm32f4xx_ll_dma.h:690:22:LL_DMA_SetPeriphIncMode	24	static
/home/kang/space/ll_mp3_project/Src/HAL/STM32F4xx_HAL_Driver/Inc/stm32f4xx_ll_dma.h:735:22:LL_DMA_SetMemoryIncMode	24	static
/home/kang/space/ll_mp3_project/Src/HAL/STM32F4xx_HAL_Driver/Inc/stm32f4xx_ll_dma.h:781:22:LL_DMA_SetPeriphSize	24	static
/home/kang/space/ll_mp3_project/Src/HAL/STM32F4xx_HAL_Driver/Inc/stm32f4xx_ll_dma.h:828:22:LL_DMA_SetMemorySize	24	static
/home/kang/space/ll_mp3_project/Src/HAL/STM32F4xx_HAL_Driver/Inc/stm32f4xx_ll_dma.h:921:22:LL_DMA_SetStreamPriorityLevel	24	static
/home/kang/space/ll_mp3_project/Src/HAL/STM32F4xx_HAL_Driver/Inc/stm32f4xx_ll_dma.h:990:26:LL_DMA_GetDataLength	16	static
/home/kang/space/ll_mp3_project/Src/HAL/STM32F4xx_HAL_Driver/Inc/stm32f4xx_ll_dma.h:1019:22:LL_DMA_SetChannelSelection	24	static
/home/kang/space/ll_mp3_project/Src/HAL/STM32F4xx_HAL_Driver/Inc/stm32f4xx_ll_dma.h:1276:22:LL_DMA_DisableFifoMode	16	static
../Src/uart.c:13:13:hal_uart1_init	56	static
../Src/uart.c:89:6:hal_uart_init	16	static
../Src/uart.c:95:6:hal_uart_deinit	16	static
../Src/uart.c:103:6:hal_uart_resume	16	static
../Src/uart.c:109:6:hal_usart_suspend	16	static
../Src/uart.c:117:6:hal_uart_transfer	24	static
../Src/uart.c:130:6:hal_uart_receive_dma	24	static
../Src/uart.c:134:6:USART1_IRQHandler	24	static
../Src/uart.c:149:6:DMA2_Stream2_IRQHandler	4	static
../Src/uart.c:155:6:DMA2_Stream7_IRQHandler	4	static
